#! /usr/bin/vvp
:ivl_version "11.0 (stable)";
:ivl_delay_selection "TYPICAL";
:vpi_time_precision - 12;
:vpi_module "/usr/lib/x86_64-linux-gnu/ivl/system.vpi";
:vpi_module "/usr/lib/x86_64-linux-gnu/ivl/vhdl_sys.vpi";
:vpi_module "/usr/lib/x86_64-linux-gnu/ivl/vhdl_textio.vpi";
:vpi_module "/usr/lib/x86_64-linux-gnu/ivl/v2005_math.vpi";
:vpi_module "/usr/lib/x86_64-linux-gnu/ivl/va_math.vpi";
S_0x559184bfddf0 .scope module, "tb_PIPELINE" "tb_PIPELINE" 2 3;
 .timescale -9 -12;
v0x559184c1f610_0 .net "DM_Addr_Out", 31 0, v0x559184c1c7d0_0;  1 drivers
v0x559184c1f6f0_0 .net "DM_WrData_Out", 31 0, v0x559184c1c870_0;  1 drivers
v0x559184c1f7b0_0 .net "DM_WrEn_Out", 0 0, v0x559184c1ca10_0;  1 drivers
v0x559184c1f850_0 .net "DM_WrMask_Out", 3 0, v0x559184c1cb00_0;  1 drivers
v0x559184c1f8f0_0 .net "PC_Out", 31 0, L_0x559184c2fc80;  1 drivers
v0x559184c1fa00_0 .var "clk", 0 0;
v0x559184c1faa0_0 .var "rst", 0 0;
S_0x559184bfce00 .scope module, "dut" "RISCV_PIPELINE_TOP" 2 14, 3 1 0, S_0x559184bfddf0;
 .timescale -9 -12;
    .port_info 0 /INPUT 1 "clk";
    .port_info 1 /INPUT 1 "rst";
    .port_info 2 /OUTPUT 32 "DM_Addr_Out";
    .port_info 3 /OUTPUT 32 "DM_WrData_Out";
    .port_info 4 /OUTPUT 4 "DM_WrMask_Out";
    .port_info 5 /OUTPUT 1 "DM_WrEn_Out";
    .port_info 6 /OUTPUT 32 "PC_Out";
L_0x559184c2fc80 .functor BUFZ 32, v0x559184c1aaa0_0, C4<00000000000000000000000000000000>, C4<00000000000000000000000000000000>, C4<00000000000000000000000000000000>;
v0x559184c1ce40_0 .net "ALU_B", 31 0, L_0x559184c30c00;  1 drivers
v0x559184c1cf50_0 .net "ALU_Control", 3 0, v0x559184c16cd0_0;  1 drivers
v0x559184c1cff0_0 .net "ALU_Result", 31 0, v0x559184b951e0_0;  1 drivers
v0x559184c1d0e0_0 .net "ALU_Src", 0 0, v0x559184c16db0_0;  1 drivers
v0x559184c1d180_0 .net "Branch_Cond", 7 0, v0x559184c16e50_0;  1 drivers
L_0x76cc77e50210 .functor BUFT 1, C4<0>, C4<0>, C4<0>, C4<0>;
v0x559184c1d270_0 .net "Branch_Taken", 0 0, L_0x76cc77e50210;  1 drivers
v0x559184c1d340_0 .net "Branch_Target", 31 0, v0x559184bc5290_0;  1 drivers
v0x559184c1d430_0 .net "DM_Addr_Out", 31 0, v0x559184c1c7d0_0;  alias, 1 drivers
v0x559184c1d520_0 .net "DM_ReadData", 31 0, L_0x559184c31150;  1 drivers
v0x559184c1d5e0_0 .net "DM_WrData_Out", 31 0, v0x559184c1c870_0;  alias, 1 drivers
v0x559184c1d6f0_0 .net "DM_WrEn", 0 0, v0x559184c16f10_0;  1 drivers
v0x559184c1d7e0_0 .net "DM_WrEn_Out", 0 0, v0x559184c1ca10_0;  alias, 1 drivers
v0x559184c1d8d0_0 .net "DM_WrMask_Out", 3 0, v0x559184c1cb00_0;  alias, 1 drivers
v0x559184c1d9e0_0 .net "Imm_Data", 31 0, v0x559184c18960_0;  1 drivers
v0x559184c1daf0_0 .net "Imm_Type", 2 0, v0x559184c16fd0_0;  1 drivers
v0x559184c1dbb0_0 .net "Instruction_D", 31 0, v0x559184c18ec0_0;  1 drivers
v0x559184c1dca0_0 .net "Load_Size", 1 0, v0x559184c17100_0;  1 drivers
v0x559184c1ddb0_0 .net "Load_Unsigned", 0 0, v0x559184c171e0_0;  1 drivers
v0x559184c1dea0_0 .net "Loaded_Data", 31 0, v0x559184c1a440_0;  1 drivers
v0x559184c1df60_0 .net "PC_D", 31 0, v0x559184c19060_0;  1 drivers
v0x559184c1e050_0 .net "PC_F", 31 0, v0x559184c1aaa0_0;  1 drivers
v0x559184c1e110_0 .net "PC_Out", 31 0, L_0x559184c2fc80;  alias, 1 drivers
v0x559184c1e1f0_0 .net "PC_plus4_D", 31 0, v0x559184c191f0_0;  1 drivers
v0x559184c1e2b0_0 .net "PC_plus4_F", 31 0, L_0x559184c2fbe0;  1 drivers
v0x559184c1e3a0_0 .net "Reg_WrEn", 0 0, v0x559184c172a0_0;  1 drivers
v0x559184c1e490_0 .net "Result_Src", 2 0, v0x559184c17360_0;  1 drivers
v0x559184c1e550_0 .net "Src_Data1", 31 0, L_0x559184c308f0;  1 drivers
v0x559184c1e5f0_0 .net "Src_Data2", 31 0, L_0x559184c30b40;  1 drivers
v0x559184c1e700_0 .net "Writeback_Data", 31 0, L_0x559184c31620;  1 drivers
L_0x76cc77e50180 .functor BUFT 1, C4<001>, C4<0>, C4<0>, C4<0>;
v0x559184c1e7c0_0 .net/2u *"_ivl_16", 2 0, L_0x76cc77e50180;  1 drivers
v0x559184c1e880_0 .net *"_ivl_18", 0 0, L_0x559184c31210;  1 drivers
L_0x76cc77e501c8 .functor BUFT 1, C4<010>, C4<0>, C4<0>, C4<0>;
v0x559184c1e940_0 .net/2u *"_ivl_20", 2 0, L_0x76cc77e501c8;  1 drivers
v0x559184c1ea20_0 .net *"_ivl_22", 0 0, L_0x559184c313a0;  1 drivers
v0x559184c1ecf0_0 .net *"_ivl_24", 31 0, L_0x559184c31490;  1 drivers
v0x559184c1edd0_0 .net "clk", 0 0, v0x559184c1fa00_0;  1 drivers
v0x559184c1ee70_0 .net "funct3", 2 0, L_0x559184c30380;  1 drivers
v0x559184c1ef30_0 .net "funct7", 6 0, L_0x559184c305e0;  1 drivers
v0x559184c1eff0_0 .net "instruction_F", 31 0, L_0x559184c30050;  1 drivers
v0x559184c1f0e0_0 .net "ladder_Src", 0 0, v0x559184c17600_0;  1 drivers
v0x559184c1f1d0_0 .net "opcode", 6 0, L_0x559184c30110;  1 drivers
v0x559184c1f290_0 .net "rd", 4 0, L_0x559184c30200;  1 drivers
v0x559184c1f330_0 .net "rs1", 4 0, L_0x559184c30420;  1 drivers
v0x559184c1f3d0_0 .net "rs2", 4 0, L_0x559184c304f0;  1 drivers
v0x559184c1f470_0 .net "rst", 0 0, v0x559184c1faa0_0;  1 drivers
L_0x559184c30110 .part v0x559184c18ec0_0, 0, 7;
L_0x559184c30200 .part v0x559184c18ec0_0, 7, 5;
L_0x559184c30380 .part v0x559184c18ec0_0, 12, 3;
L_0x559184c30420 .part v0x559184c18ec0_0, 15, 5;
L_0x559184c304f0 .part v0x559184c18ec0_0, 20, 5;
L_0x559184c305e0 .part v0x559184c18ec0_0, 25, 7;
L_0x559184c30c00 .functor MUXZ 32, L_0x559184c30b40, v0x559184c18960_0, v0x559184c16db0_0, C4<>;
L_0x559184c31210 .cmp/eq 3, v0x559184c17360_0, L_0x76cc77e50180;
L_0x559184c313a0 .cmp/eq 3, v0x559184c17360_0, L_0x76cc77e501c8;
L_0x559184c31490 .functor MUXZ 32, v0x559184b951e0_0, v0x559184c191f0_0, L_0x559184c313a0, C4<>;
L_0x559184c31620 .functor MUXZ 32, L_0x559184c31490, v0x559184c1a440_0, L_0x559184c31210, C4<>;
S_0x559184bb3120 .scope module, "ADDER_INST" "imm_adder" 3 174, 4 1 0, S_0x559184bfce00;
 .timescale -9 -12;
    .port_info 0 /INPUT 1 "Iadder_src_In";
    .port_info 1 /INPUT 32 "PC_In";
    .port_info 2 /INPUT 32 "Src_Data1_In";
    .port_info 3 /INPUT 32 "Imm_Data_In";
    .port_info 4 /OUTPUT 32 "Added_Data_Out";
v0x559184bc5290_0 .var "Added_Data_Out", 31 0;
v0x559184baf7b0_0 .net "Iadder_src_In", 0 0, v0x559184c17600_0;  alias, 1 drivers
v0x559184b972d0_0 .net "Imm_Data_In", 31 0, v0x559184c18960_0;  alias, 1 drivers
v0x559184bf3c90_0 .net "PC_In", 31 0, v0x559184c19060_0;  alias, 1 drivers
v0x559184bf3d30_0 .net "Src_Data1_In", 31 0, L_0x559184c308f0;  alias, 1 drivers
E_0x559184bce990 .event edge, v0x559184baf7b0_0, v0x559184bf3d30_0, v0x559184b972d0_0, v0x559184bf3c90_0;
S_0x559184c163c0 .scope module, "ALU_INST" "ALU" 3 163, 5 1 0, S_0x559184bfce00;
 .timescale -9 -12;
    .port_info 0 /INPUT 32 "A_in";
    .port_info 1 /INPUT 32 "B_in";
    .port_info 2 /INPUT 4 "ALU_Control_in";
    .port_info 3 /OUTPUT 32 "ALU_Result_out";
v0x559184b950e0_0 .net "ALU_Control_in", 3 0, v0x559184c16cd0_0;  alias, 1 drivers
v0x559184b951e0_0 .var "ALU_Result", 31 0;
v0x559184c16680_0 .net "ALU_Result_out", 31 0, v0x559184b951e0_0;  alias, 1 drivers
v0x559184c16740_0 .net "A_in", 31 0, L_0x559184c308f0;  alias, 1 drivers
v0x559184c16800_0 .net "B_in", 31 0, L_0x559184c30c00;  alias, 1 drivers
E_0x559184bcee10 .event edge, v0x559184b950e0_0, v0x559184bf3d30_0, v0x559184c16800_0;
S_0x559184c16990 .scope module, "DECODER_INST" "Decoder" 3 80, 6 1 0, S_0x559184bfce00;
 .timescale -9 -12;
    .port_info 0 /INPUT 7 "opcode_in";
    .port_info 1 /INPUT 3 "funct3_in";
    .port_info 2 /INPUT 7 "funct7_in";
    .port_info 3 /OUTPUT 1 "Reg_WrEn_Out";
    .port_info 4 /OUTPUT 3 "Imm_Type_Out";
    .port_info 5 /OUTPUT 1 "ladder_Src_Out";
    .port_info 6 /OUTPUT 1 "ALU_Src_Out";
    .port_info 7 /OUTPUT 4 "ALU_Control_Out";
    .port_info 8 /OUTPUT 1 "DM_WrEn_Out";
    .port_info 9 /OUTPUT 8 "Branch_Cond_Out";
    .port_info 10 /OUTPUT 1 "Load_Unsigned_Out";
    .port_info 11 /OUTPUT 2 "Load_Size_Out";
    .port_info 12 /OUTPUT 3 "Result_Src_Out";
v0x559184c16cd0_0 .var "ALU_Control_Out", 3 0;
v0x559184c16db0_0 .var "ALU_Src_Out", 0 0;
v0x559184c16e50_0 .var "Branch_Cond_Out", 7 0;
v0x559184c16f10_0 .var "DM_WrEn_Out", 0 0;
v0x559184c16fd0_0 .var "Imm_Type_Out", 2 0;
v0x559184c17100_0 .var "Load_Size_Out", 1 0;
v0x559184c171e0_0 .var "Load_Unsigned_Out", 0 0;
v0x559184c172a0_0 .var "Reg_WrEn_Out", 0 0;
v0x559184c17360_0 .var "Result_Src_Out", 2 0;
v0x559184c17440_0 .net "funct3_in", 2 0, L_0x559184c30380;  alias, 1 drivers
v0x559184c17520_0 .net "funct7_in", 6 0, L_0x559184c305e0;  alias, 1 drivers
v0x559184c17600_0 .var "ladder_Src_Out", 0 0;
v0x559184c176a0_0 .net "opcode_in", 6 0, L_0x559184c30110;  alias, 1 drivers
E_0x559184b81c70 .event edge, v0x559184c176a0_0, v0x559184c17520_0, v0x559184c17440_0;
S_0x559184c17900 .scope module, "DMEM_INST" "data_memory" 3 199, 7 1 0, S_0x559184bfce00;
 .timescale -9 -12;
    .port_info 0 /INPUT 1 "clk";
    .port_info 1 /INPUT 1 "WrEn";
    .port_info 2 /INPUT 4 "WrMask";
    .port_info 3 /INPUT 32 "Address";
    .port_info 4 /INPUT 32 "Write_Data";
    .port_info 5 /OUTPUT 32 "Read_Data";
L_0x559184c31150 .functor BUFZ 32, L_0x559184c30e40, C4<00000000000000000000000000000000>, C4<00000000000000000000000000000000>, C4<00000000000000000000000000000000>;
v0x559184c17b70_0 .net "Address", 31 0, v0x559184c1c7d0_0;  alias, 1 drivers
v0x559184c17c70_0 .net "Read_Data", 31 0, L_0x559184c31150;  alias, 1 drivers
v0x559184c17d50_0 .net "WrEn", 0 0, v0x559184c1ca10_0;  alias, 1 drivers
v0x559184c17df0_0 .net "WrMask", 3 0, v0x559184c1cb00_0;  alias, 1 drivers
v0x559184c17ed0_0 .net "Write_Data", 31 0, v0x559184c1c870_0;  alias, 1 drivers
v0x559184c18000_0 .net *"_ivl_0", 31 0, L_0x559184c30e40;  1 drivers
v0x559184c180e0_0 .net *"_ivl_3", 7 0, L_0x559184c30ee0;  1 drivers
v0x559184c181c0_0 .net *"_ivl_4", 9 0, L_0x559184c31010;  1 drivers
L_0x76cc77e50138 .functor BUFT 1, C4<00>, C4<0>, C4<0>, C4<0>;
v0x559184c182a0_0 .net *"_ivl_7", 1 0, L_0x76cc77e50138;  1 drivers
v0x559184c18380_0 .net "clk", 0 0, v0x559184c1fa00_0;  alias, 1 drivers
v0x559184c18440 .array "data_mem", 255 0, 31 0;
v0x559184c18500_0 .var/i "i", 31 0;
E_0x559184bfe370 .event posedge, v0x559184c18380_0;
L_0x559184c30e40 .array/port v0x559184c18440, L_0x559184c31010;
L_0x559184c30ee0 .part v0x559184c1c7d0_0, 2, 8;
L_0x559184c31010 .concat [ 8 2 0 0], L_0x559184c30ee0, L_0x76cc77e50138;
S_0x559184c186e0 .scope module, "EXT_INST" "extend_unit" 3 102, 8 1 0, S_0x559184bfce00;
 .timescale -9 -12;
    .port_info 0 /INPUT 32 "instr_in";
    .port_info 1 /OUTPUT 32 "imm_out";
v0x559184c18960_0 .var "imm_out", 31 0;
v0x559184c18a40_0 .net "instr_in", 31 0, v0x559184c18ec0_0;  alias, 1 drivers
E_0x559184c188e0 .event edge, v0x559184c18a40_0;
S_0x559184c18b60 .scope module, "IF_ID_INST" "IF_ID" 3 115, 9 1 0, S_0x559184bfce00;
 .timescale -9 -12;
    .port_info 0 /INPUT 1 "clk";
    .port_info 1 /INPUT 1 "rst";
    .port_info 2 /INPUT 32 "PC_F";
    .port_info 3 /INPUT 32 "PC_Plus4_F";
    .port_info 4 /INPUT 32 "Instruction_F";
    .port_info 5 /OUTPUT 32 "PC_D";
    .port_info 6 /OUTPUT 32 "PC_Plus4_D";
    .port_info 7 /OUTPUT 32 "Instruction_D";
v0x559184c18ec0_0 .var "Instruction_D", 31 0;
v0x559184c18fa0_0 .net "Instruction_F", 31 0, L_0x559184c30050;  alias, 1 drivers
v0x559184c19060_0 .var "PC_D", 31 0;
v0x559184c19130_0 .net "PC_F", 31 0, v0x559184c1aaa0_0;  alias, 1 drivers
v0x559184c191f0_0 .var "PC_Plus4_D", 31 0;
v0x559184c19320_0 .net "PC_Plus4_F", 31 0, L_0x559184c2fbe0;  alias, 1 drivers
v0x559184c19400_0 .net "clk", 0 0, v0x559184c1fa00_0;  alias, 1 drivers
v0x559184c194a0_0 .net "rst", 0 0, v0x559184c1faa0_0;  alias, 1 drivers
E_0x559184c18e60 .event posedge, v0x559184c194a0_0, v0x559184c18380_0;
S_0x559184c19690 .scope module, "IMEM_INST" "instruction_memory" 3 42, 10 1 0, S_0x559184bfce00;
 .timescale -9 -12;
    .port_info 0 /INPUT 32 "PC_In";
    .port_info 1 /OUTPUT 32 "Instruction_Out";
L_0x559184c30050 .functor BUFZ 32, L_0x559184c2fd80, C4<00000000000000000000000000000000>, C4<00000000000000000000000000000000>, C4<00000000000000000000000000000000>;
v0x559184c19880_0 .net "Instruction_Out", 31 0, L_0x559184c30050;  alias, 1 drivers
v0x559184c19990_0 .net "PC_In", 31 0, v0x559184c1aaa0_0;  alias, 1 drivers
v0x559184c19a60_0 .net *"_ivl_0", 31 0, L_0x559184c2fd80;  1 drivers
v0x559184c19b30_0 .net *"_ivl_3", 7 0, L_0x559184c2fe20;  1 drivers
v0x559184c19c10_0 .net *"_ivl_4", 9 0, L_0x559184c2fec0;  1 drivers
L_0x76cc77e50060 .functor BUFT 1, C4<00>, C4<0>, C4<0>, C4<0>;
v0x559184c19d40_0 .net *"_ivl_7", 1 0, L_0x76cc77e50060;  1 drivers
v0x559184c19e20_0 .var/i "i", 31 0;
v0x559184c19f00 .array "instruction_mem", 255 0, 31 0;
L_0x559184c2fd80 .array/port v0x559184c19f00, L_0x559184c2fec0;
L_0x559184c2fe20 .part v0x559184c1aaa0_0, 2, 8;
L_0x559184c2fec0 .concat [ 8 2 0 0], L_0x559184c2fe20, L_0x76cc77e50060;
S_0x559184c1a020 .scope module, "LOAD_INST" "load_unit" 3 213, 11 1 0, S_0x559184bfce00;
 .timescale -9 -12;
    .port_info 0 /INPUT 32 "Read_Data_In";
    .port_info 1 /INPUT 2 "Load_Size_In";
    .port_info 2 /INPUT 1 "Load_Unsigned_In";
    .port_info 3 /OUTPUT 32 "Loaded_Data_Out";
v0x559184c1a260_0 .net "Load_Size_In", 1 0, v0x559184c17100_0;  alias, 1 drivers
v0x559184c1a370_0 .net "Load_Unsigned_In", 0 0, v0x559184c171e0_0;  alias, 1 drivers
v0x559184c1a440_0 .var "Loaded_Data_Out", 31 0;
v0x559184c1a510_0 .net "Read_Data_In", 31 0, L_0x559184c31150;  alias, 1 drivers
E_0x559184c1a200 .event edge, v0x559184c17100_0, v0x559184c171e0_0, v0x559184c17c70_0;
S_0x559184c1a670 .scope module, "PC_INST" "PC_Unit" 3 30, 12 1 0, S_0x559184bfce00;
 .timescale -9 -12;
    .port_info 0 /INPUT 1 "clk";
    .port_info 1 /INPUT 1 "rst";
    .port_info 2 /INPUT 1 "Branch_Taken";
    .port_info 3 /INPUT 32 "Target_Address";
    .port_info 4 /OUTPUT 32 "PC_out";
    .port_info 5 /OUTPUT 32 "PC_plus4_out";
v0x559184c1a9c0_0 .net "Branch_Taken", 0 0, L_0x76cc77e50210;  alias, 1 drivers
v0x559184c1aaa0_0 .var "PC_out", 31 0;
v0x559184c1ab60_0 .net "PC_plus4_out", 31 0, L_0x559184c2fbe0;  alias, 1 drivers
v0x559184c1ac00_0 .net "Target_Address", 31 0, v0x559184bc5290_0;  alias, 1 drivers
L_0x76cc77e50018 .functor BUFT 1, C4<00000000000000000000000000000100>, C4<0>, C4<0>, C4<0>;
v0x559184c1acd0_0 .net/2u *"_ivl_0", 31 0, L_0x76cc77e50018;  1 drivers
v0x559184c1ade0_0 .net "clk", 0 0, v0x559184c1fa00_0;  alias, 1 drivers
v0x559184c1aed0_0 .net "rst", 0 0, v0x559184c1faa0_0;  alias, 1 drivers
L_0x559184c2fbe0 .arith/sum 32, v0x559184c1aaa0_0, L_0x76cc77e50018;
S_0x559184c1b050 .scope module, "RF_INST" "reg_file" 3 137, 13 1 0, S_0x559184bfce00;
 .timescale -9 -12;
    .port_info 0 /INPUT 1 "clk";
    .port_info 1 /INPUT 1 "rst";
    .port_info 2 /INPUT 1 "WrEn_in";
    .port_info 3 /INPUT 5 "des_addr_in";
    .port_info 4 /INPUT 32 "des_data_in";
    .port_info 5 /INPUT 5 "src_addr1_in";
    .port_info 6 /INPUT 5 "src_addr2_in";
    .port_info 7 /OUTPUT 32 "src_data1_out";
    .port_info 8 /OUTPUT 32 "src_data2_out";
L_0x559184c308f0 .functor BUFZ 32, L_0x559184c30710, C4<00000000000000000000000000000000>, C4<00000000000000000000000000000000>, C4<00000000000000000000000000000000>;
L_0x559184c30b40 .functor BUFZ 32, L_0x559184c30960, C4<00000000000000000000000000000000>, C4<00000000000000000000000000000000>, C4<00000000000000000000000000000000>;
v0x559184c1b360_0 .net "WrEn_in", 0 0, v0x559184c172a0_0;  alias, 1 drivers
v0x559184c1b420_0 .net *"_ivl_0", 31 0, L_0x559184c30710;  1 drivers
v0x559184c1b4e0_0 .net *"_ivl_10", 6 0, L_0x559184c30a00;  1 drivers
L_0x76cc77e500f0 .functor BUFT 1, C4<00>, C4<0>, C4<0>, C4<0>;
v0x559184c1b5d0_0 .net *"_ivl_13", 1 0, L_0x76cc77e500f0;  1 drivers
v0x559184c1b6b0_0 .net *"_ivl_2", 6 0, L_0x559184c307b0;  1 drivers
L_0x76cc77e500a8 .functor BUFT 1, C4<00>, C4<0>, C4<0>, C4<0>;
v0x559184c1b7e0_0 .net *"_ivl_5", 1 0, L_0x76cc77e500a8;  1 drivers
v0x559184c1b8c0_0 .net *"_ivl_8", 31 0, L_0x559184c30960;  1 drivers
v0x559184c1b9a0_0 .net "clk", 0 0, v0x559184c1fa00_0;  alias, 1 drivers
v0x559184c1ba40_0 .net "des_addr_in", 4 0, L_0x559184c30200;  alias, 1 drivers
v0x559184c1bbb0_0 .net "des_data_in", 31 0, L_0x559184c31620;  alias, 1 drivers
v0x559184c1bc90_0 .var/i "i", 31 0;
v0x559184c1bd70 .array "my_regs", 31 0, 31 0;
v0x559184c1be30_0 .net "rst", 0 0, v0x559184c1faa0_0;  alias, 1 drivers
v0x559184c1bed0_0 .net "src_addr1_in", 4 0, L_0x559184c30420;  alias, 1 drivers
v0x559184c1bfb0_0 .net "src_addr2_in", 4 0, L_0x559184c304f0;  alias, 1 drivers
v0x559184c1c090_0 .net "src_data1_out", 31 0, L_0x559184c308f0;  alias, 1 drivers
v0x559184c1c1a0_0 .net "src_data2_out", 31 0, L_0x559184c30b40;  alias, 1 drivers
L_0x559184c30710 .array/port v0x559184c1bd70, L_0x559184c307b0;
L_0x559184c307b0 .concat [ 5 2 0 0], L_0x559184c30420, L_0x76cc77e500a8;
L_0x559184c30960 .array/port v0x559184c1bd70, L_0x559184c30a00;
L_0x559184c30a00 .concat [ 5 2 0 0], L_0x559184c304f0, L_0x76cc77e500f0;
S_0x559184c1c3f0 .scope module, "STORE_INST" "store_unit" 3 186, 14 1 0, S_0x559184bfce00;
 .timescale -9 -12;
    .port_info 0 /INPUT 1 "DM_WrEn_In";
    .port_info 1 /INPUT 3 "Func3_In";
    .port_info 2 /INPUT 32 "Added_Data_In";
    .port_info 3 /INPUT 32 "Src_Data2_In";
    .port_info 4 /OUTPUT 32 "DM_Addr_Out";
    .port_info 5 /OUTPUT 32 "DM_WrData_Out";
    .port_info 6 /OUTPUT 4 "DM_WrMask_Out";
    .port_info 7 /OUTPUT 1 "DM_WrEn_Out";
v0x559184c1c6f0_0 .net "Added_Data_In", 31 0, v0x559184b951e0_0;  alias, 1 drivers
v0x559184c1c7d0_0 .var "DM_Addr_Out", 31 0;
v0x559184c1c870_0 .var "DM_WrData_Out", 31 0;
v0x559184c1c940_0 .net "DM_WrEn_In", 0 0, v0x559184c16f10_0;  alias, 1 drivers
v0x559184c1ca10_0 .var "DM_WrEn_Out", 0 0;
v0x559184c1cb00_0 .var "DM_WrMask_Out", 3 0;
v0x559184c1cbd0_0 .net "Func3_In", 2 0, L_0x559184c30380;  alias, 1 drivers
v0x559184c1cca0_0 .net "Src_Data2_In", 31 0, L_0x559184c30b40;  alias, 1 drivers
E_0x559184c1a8e0 .event edge, v0x559184c16680_0, v0x559184c1c1a0_0, v0x559184c16f10_0, v0x559184c17440_0;
    .scope S_0x559184c1a670;
T_0 ;
    %wait E_0x559184c18e60;
    %load/vec4 v0x559184c1aed0_0;
    %flag_set/vec4 8;
    %jmp/0xz  T_0.0, 8;
    %pushi/vec4 0, 0, 32;
    %assign/vec4 v0x559184c1aaa0_0, 0;
    %jmp T_0.1;
T_0.0 ;
    %load/vec4 v0x559184c1a9c0_0;
    %flag_set/vec4 8;
    %jmp/0xz  T_0.2, 8;
    %load/vec4 v0x559184c1ac00_0;
    %assign/vec4 v0x559184c1aaa0_0, 0;
    %jmp T_0.3;
T_0.2 ;
    %load/vec4 v0x559184c1aaa0_0;
    %addi 4, 0, 32;
    %assign/vec4 v0x559184c1aaa0_0, 0;
T_0.3 ;
T_0.1 ;
    %jmp T_0;
    .thread T_0;
    .scope S_0x559184c19690;
T_1 ;
    %pushi/vec4 0, 0, 32;
    %store/vec4 v0x559184c19e20_0, 0, 32;
T_1.0 ;
    %load/vec4 v0x559184c19e20_0;
    %cmpi/s 256, 0, 32;
    %jmp/0xz T_1.1, 5;
    %pushi/vec4 19, 0, 32;
    %ix/getv/s 4, v0x559184c19e20_0;
    %store/vec4a v0x559184c19f00, 4, 0;
    %load/vec4 v0x559184c19e20_0;
    %addi 1, 0, 32;
    %store/vec4 v0x559184c19e20_0, 0, 32;
    %jmp T_1.0;
T_1.1 ;
    %pushi/vec4 10485907, 0, 32;
    %ix/load 4, 0, 0;
    %flag_set/imm 4, 0;
    %store/vec4a v0x559184c19f00, 4, 0;
    %pushi/vec4 20971795, 0, 32;
    %ix/load 4, 1, 0;
    %flag_set/imm 4, 0;
    %store/vec4a v0x559184c19f00, 4, 0;
    %pushi/vec4 2130355, 0, 32;
    %ix/load 4, 2, 0;
    %flag_set/imm 4, 0;
    %store/vec4a v0x559184c19f00, 4, 0;
    %pushi/vec4 1074856499, 0, 32;
    %ix/load 4, 3, 0;
    %flag_set/imm 4, 0;
    %store/vec4a v0x559184c19f00, 4, 0;
    %pushi/vec4 2146995, 0, 32;
    %ix/load 4, 4, 0;
    %flag_set/imm 4, 0;
    %store/vec4a v0x559184c19f00, 4, 0;
    %pushi/vec4 2159411, 0, 32;
    %ix/load 4, 5, 0;
    %flag_set/imm 4, 0;
    %store/vec4a v0x559184c19f00, 4, 0;
    %pushi/vec4 5301139, 0, 32;
    %ix/load 4, 6, 0;
    %flag_set/imm 4, 0;
    %store/vec4a v0x559184c19f00, 4, 0;
    %pushi/vec4 15823891, 0, 32;
    %ix/load 4, 7, 0;
    %flag_set/imm 4, 0;
    %store/vec4a v0x559184c19f00, 4, 0;
    %pushi/vec4 3196051, 0, 32;
    %ix/load 4, 8, 0;
    %flag_set/imm 4, 0;
    %store/vec4a v0x559184c19f00, 4, 0;
    %end;
    .thread T_1;
    .scope S_0x559184c16990;
T_2 ;
    %wait E_0x559184b81c70;
    %pushi/vec4 0, 0, 1;
    %store/vec4 v0x559184c172a0_0, 0, 1;
    %pushi/vec4 0, 0, 3;
    %store/vec4 v0x559184c16fd0_0, 0, 3;
    %pushi/vec4 0, 0, 1;
    %store/vec4 v0x559184c17600_0, 0, 1;
    %pushi/vec4 0, 0, 1;
    %store/vec4 v0x559184c16db0_0, 0, 1;
    %pushi/vec4 0, 0, 4;
    %store/vec4 v0x559184c16cd0_0, 0, 4;
    %pushi/vec4 0, 0, 1;
    %store/vec4 v0x559184c16f10_0, 0, 1;
    %pushi/vec4 0, 0, 8;
    %store/vec4 v0x559184c16e50_0, 0, 8;
    %pushi/vec4 0, 0, 1;
    %store/vec4 v0x559184c171e0_0, 0, 1;
    %pushi/vec4 0, 0, 2;
    %store/vec4 v0x559184c17100_0, 0, 2;
    %pushi/vec4 0, 0, 3;
    %store/vec4 v0x559184c17360_0, 0, 3;
    %load/vec4 v0x559184c176a0_0;
    %dup/vec4;
    %pushi/vec4 51, 0, 7;
    %cmp/u;
    %jmp/1 T_2.0, 6;
    %dup/vec4;
    %pushi/vec4 19, 0, 7;
    %cmp/u;
    %jmp/1 T_2.1, 6;
    %dup/vec4;
    %pushi/vec4 3, 0, 7;
    %cmp/u;
    %jmp/1 T_2.2, 6;
    %dup/vec4;
    %pushi/vec4 35, 0, 7;
    %cmp/u;
    %jmp/1 T_2.3, 6;
    %dup/vec4;
    %pushi/vec4 99, 0, 7;
    %cmp/u;
    %jmp/1 T_2.4, 6;
    %dup/vec4;
    %pushi/vec4 111, 0, 7;
    %cmp/u;
    %jmp/1 T_2.5, 6;
    %dup/vec4;
    %pushi/vec4 103, 0, 7;
    %cmp/u;
    %jmp/1 T_2.6, 6;
    %dup/vec4;
    %pushi/vec4 55, 0, 7;
    %cmp/u;
    %jmp/1 T_2.7, 6;
    %dup/vec4;
    %pushi/vec4 23, 0, 7;
    %cmp/u;
    %jmp/1 T_2.8, 6;
    %jmp T_2.10;
T_2.0 ;
    %pushi/vec4 1, 0, 1;
    %store/vec4 v0x559184c172a0_0, 0, 1;
    %load/vec4 v0x559184c17520_0;
    %load/vec4 v0x559184c17440_0;
    %concat/vec4; draw_concat_vec4
    %dup/vec4;
    %pushi/vec4 0, 0, 10;
    %cmp/u;
    %jmp/1 T_2.11, 6;
    %dup/vec4;
    %pushi/vec4 256, 0, 10;
    %cmp/u;
    %jmp/1 T_2.12, 6;
    %dup/vec4;
    %pushi/vec4 7, 0, 10;
    %cmp/u;
    %jmp/1 T_2.13, 6;
    %dup/vec4;
    %pushi/vec4 6, 0, 10;
    %cmp/u;
    %jmp/1 T_2.14, 6;
    %dup/vec4;
    %pushi/vec4 4, 0, 10;
    %cmp/u;
    %jmp/1 T_2.15, 6;
    %dup/vec4;
    %pushi/vec4 1, 0, 10;
    %cmp/u;
    %jmp/1 T_2.16, 6;
    %dup/vec4;
    %pushi/vec4 5, 0, 10;
    %cmp/u;
    %jmp/1 T_2.17, 6;
    %dup/vec4;
    %pushi/vec4 261, 0, 10;
    %cmp/u;
    %jmp/1 T_2.18, 6;
    %dup/vec4;
    %pushi/vec4 2, 0, 10;
    %cmp/u;
    %jmp/1 T_2.19, 6;
    %dup/vec4;
    %pushi/vec4 3, 0, 10;
    %cmp/u;
    %jmp/1 T_2.20, 6;
    %pushi/vec4 0, 0, 4;
    %store/vec4 v0x559184c16cd0_0, 0, 4;
    %jmp T_2.22;
T_2.11 ;
    %pushi/vec4 0, 0, 4;
    %store/vec4 v0x559184c16cd0_0, 0, 4;
    %jmp T_2.22;
T_2.12 ;
    %pushi/vec4 1, 0, 4;
    %store/vec4 v0x559184c16cd0_0, 0, 4;
    %jmp T_2.22;
T_2.13 ;
    %pushi/vec4 2, 0, 4;
    %store/vec4 v0x559184c16cd0_0, 0, 4;
    %jmp T_2.22;
T_2.14 ;
    %pushi/vec4 3, 0, 4;
    %store/vec4 v0x559184c16cd0_0, 0, 4;
    %jmp T_2.22;
T_2.15 ;
    %pushi/vec4 4, 0, 4;
    %store/vec4 v0x559184c16cd0_0, 0, 4;
    %jmp T_2.22;
T_2.16 ;
    %pushi/vec4 5, 0, 4;
    %store/vec4 v0x559184c16cd0_0, 0, 4;
    %jmp T_2.22;
T_2.17 ;
    %pushi/vec4 6, 0, 4;
    %store/vec4 v0x559184c16cd0_0, 0, 4;
    %jmp T_2.22;
T_2.18 ;
    %pushi/vec4 7, 0, 4;
    %store/vec4 v0x559184c16cd0_0, 0, 4;
    %jmp T_2.22;
T_2.19 ;
    %pushi/vec4 8, 0, 4;
    %store/vec4 v0x559184c16cd0_0, 0, 4;
    %jmp T_2.22;
T_2.20 ;
    %pushi/vec4 9, 0, 4;
    %store/vec4 v0x559184c16cd0_0, 0, 4;
    %jmp T_2.22;
T_2.22 ;
    %pop/vec4 1;
    %jmp T_2.10;
T_2.1 ;
    %pushi/vec4 1, 0, 1;
    %store/vec4 v0x559184c172a0_0, 0, 1;
    %pushi/vec4 1, 0, 1;
    %store/vec4 v0x559184c16db0_0, 0, 1;
    %pushi/vec4 0, 0, 3;
    %store/vec4 v0x559184c16fd0_0, 0, 3;
    %load/vec4 v0x559184c17440_0;
    %dup/vec4;
    %pushi/vec4 0, 0, 3;
    %cmp/u;
    %jmp/1 T_2.23, 6;
    %dup/vec4;
    %pushi/vec4 7, 0, 3;
    %cmp/u;
    %jmp/1 T_2.24, 6;
    %dup/vec4;
    %pushi/vec4 6, 0, 3;
    %cmp/u;
    %jmp/1 T_2.25, 6;
    %dup/vec4;
    %pushi/vec4 4, 0, 3;
    %cmp/u;
    %jmp/1 T_2.26, 6;
    %dup/vec4;
    %pushi/vec4 2, 0, 3;
    %cmp/u;
    %jmp/1 T_2.27, 6;
    %dup/vec4;
    %pushi/vec4 3, 0, 3;
    %cmp/u;
    %jmp/1 T_2.28, 6;
    %dup/vec4;
    %pushi/vec4 1, 0, 3;
    %cmp/u;
    %jmp/1 T_2.29, 6;
    %dup/vec4;
    %pushi/vec4 5, 0, 3;
    %cmp/u;
    %jmp/1 T_2.30, 6;
    %pushi/vec4 0, 0, 4;
    %store/vec4 v0x559184c16cd0_0, 0, 4;
    %jmp T_2.32;
T_2.23 ;
    %pushi/vec4 0, 0, 4;
    %store/vec4 v0x559184c16cd0_0, 0, 4;
    %jmp T_2.32;
T_2.24 ;
    %pushi/vec4 2, 0, 4;
    %store/vec4 v0x559184c16cd0_0, 0, 4;
    %jmp T_2.32;
T_2.25 ;
    %pushi/vec4 3, 0, 4;
    %store/vec4 v0x559184c16cd0_0, 0, 4;
    %jmp T_2.32;
T_2.26 ;
    %pushi/vec4 4, 0, 4;
    %store/vec4 v0x559184c16cd0_0, 0, 4;
    %jmp T_2.32;
T_2.27 ;
    %pushi/vec4 8, 0, 4;
    %store/vec4 v0x559184c16cd0_0, 0, 4;
    %jmp T_2.32;
T_2.28 ;
    %pushi/vec4 9, 0, 4;
    %store/vec4 v0x559184c16cd0_0, 0, 4;
    %jmp T_2.32;
T_2.29 ;
    %pushi/vec4 5, 0, 4;
    %store/vec4 v0x559184c16cd0_0, 0, 4;
    %jmp T_2.32;
T_2.30 ;
    %load/vec4 v0x559184c17520_0;
    %cmpi/e 0, 0, 7;
    %jmp/0xz  T_2.33, 4;
    %pushi/vec4 6, 0, 4;
    %store/vec4 v0x559184c16cd0_0, 0, 4;
    %jmp T_2.34;
T_2.33 ;
    %pushi/vec4 7, 0, 4;
    %store/vec4 v0x559184c16cd0_0, 0, 4;
T_2.34 ;
    %jmp T_2.32;
T_2.32 ;
    %pop/vec4 1;
    %jmp T_2.10;
T_2.2 ;
    %pushi/vec4 1, 0, 1;
    %store/vec4 v0x559184c172a0_0, 0, 1;
    %pushi/vec4 1, 0, 1;
    %store/vec4 v0x559184c16db0_0, 0, 1;
    %pushi/vec4 0, 0, 3;
    %store/vec4 v0x559184c16fd0_0, 0, 3;
    %pushi/vec4 1, 0, 3;
    %store/vec4 v0x559184c17360_0, 0, 3;
    %load/vec4 v0x559184c17440_0;
    %dup/vec4;
    %pushi/vec4 0, 0, 3;
    %cmp/u;
    %jmp/1 T_2.35, 6;
    %dup/vec4;
    %pushi/vec4 1, 0, 3;
    %cmp/u;
    %jmp/1 T_2.36, 6;
    %dup/vec4;
    %pushi/vec4 2, 0, 3;
    %cmp/u;
    %jmp/1 T_2.37, 6;
    %dup/vec4;
    %pushi/vec4 4, 0, 3;
    %cmp/u;
    %jmp/1 T_2.38, 6;
    %dup/vec4;
    %pushi/vec4 5, 0, 3;
    %cmp/u;
    %jmp/1 T_2.39, 6;
    %pushi/vec4 0, 0, 2;
    %store/vec4 v0x559184c17100_0, 0, 2;
    %pushi/vec4 0, 0, 1;
    %store/vec4 v0x559184c171e0_0, 0, 1;
    %jmp T_2.41;
T_2.35 ;
    %pushi/vec4 0, 0, 2;
    %store/vec4 v0x559184c17100_0, 0, 2;
    %pushi/vec4 0, 0, 1;
    %store/vec4 v0x559184c171e0_0, 0, 1;
    %jmp T_2.41;
T_2.36 ;
    %pushi/vec4 1, 0, 2;
    %store/vec4 v0x559184c17100_0, 0, 2;
    %pushi/vec4 0, 0, 1;
    %store/vec4 v0x559184c171e0_0, 0, 1;
    %jmp T_2.41;
T_2.37 ;
    %pushi/vec4 2, 0, 2;
    %store/vec4 v0x559184c17100_0, 0, 2;
    %pushi/vec4 0, 0, 1;
    %store/vec4 v0x559184c171e0_0, 0, 1;
    %jmp T_2.41;
T_2.38 ;
    %pushi/vec4 0, 0, 2;
    %store/vec4 v0x559184c17100_0, 0, 2;
    %pushi/vec4 1, 0, 1;
    %store/vec4 v0x559184c171e0_0, 0, 1;
    %jmp T_2.41;
T_2.39 ;
    %pushi/vec4 1, 0, 2;
    %store/vec4 v0x559184c17100_0, 0, 2;
    %pushi/vec4 1, 0, 1;
    %store/vec4 v0x559184c171e0_0, 0, 1;
    %jmp T_2.41;
T_2.41 ;
    %pop/vec4 1;
    %jmp T_2.10;
T_2.3 ;
    %pushi/vec4 1, 0, 1;
    %store/vec4 v0x559184c16f10_0, 0, 1;
    %pushi/vec4 1, 0, 1;
    %store/vec4 v0x559184c16db0_0, 0, 1;
    %pushi/vec4 1, 0, 3;
    %store/vec4 v0x559184c16fd0_0, 0, 3;
    %jmp T_2.10;
T_2.4 ;
    %pushi/vec4 2, 0, 3;
    %store/vec4 v0x559184c16fd0_0, 0, 3;
    %load/vec4 v0x559184c17440_0;
    %dup/vec4;
    %pushi/vec4 0, 0, 3;
    %cmp/u;
    %jmp/1 T_2.42, 6;
    %dup/vec4;
    %pushi/vec4 1, 0, 3;
    %cmp/u;
    %jmp/1 T_2.43, 6;
    %dup/vec4;
    %pushi/vec4 4, 0, 3;
    %cmp/u;
    %jmp/1 T_2.44, 6;
    %dup/vec4;
    %pushi/vec4 5, 0, 3;
    %cmp/u;
    %jmp/1 T_2.45, 6;
    %dup/vec4;
    %pushi/vec4 6, 0, 3;
    %cmp/u;
    %jmp/1 T_2.46, 6;
    %dup/vec4;
    %pushi/vec4 7, 0, 3;
    %cmp/u;
    %jmp/1 T_2.47, 6;
    %pushi/vec4 0, 0, 8;
    %store/vec4 v0x559184c16e50_0, 0, 8;
    %jmp T_2.49;
T_2.42 ;
    %pushi/vec4 1, 0, 8;
    %store/vec4 v0x559184c16e50_0, 0, 8;
    %jmp T_2.49;
T_2.43 ;
    %pushi/vec4 2, 0, 8;
    %store/vec4 v0x559184c16e50_0, 0, 8;
    %jmp T_2.49;
T_2.44 ;
    %pushi/vec4 4, 0, 8;
    %store/vec4 v0x559184c16e50_0, 0, 8;
    %jmp T_2.49;
T_2.45 ;
    %pushi/vec4 8, 0, 8;
    %store/vec4 v0x559184c16e50_0, 0, 8;
    %jmp T_2.49;
T_2.46 ;
    %pushi/vec4 16, 0, 8;
    %store/vec4 v0x559184c16e50_0, 0, 8;
    %jmp T_2.49;
T_2.47 ;
    %pushi/vec4 32, 0, 8;
    %store/vec4 v0x559184c16e50_0, 0, 8;
    %jmp T_2.49;
T_2.49 ;
    %pop/vec4 1;
    %jmp T_2.10;
T_2.5 ;
    %pushi/vec4 1, 0, 1;
    %store/vec4 v0x559184c172a0_0, 0, 1;
    %pushi/vec4 4, 0, 3;
    %store/vec4 v0x559184c16fd0_0, 0, 3;
    %pushi/vec4 2, 0, 3;
    %store/vec4 v0x559184c17360_0, 0, 3;
    %jmp T_2.10;
T_2.6 ;
    %pushi/vec4 1, 0, 1;
    %store/vec4 v0x559184c172a0_0, 0, 1;
    %pushi/vec4 0, 0, 3;
    %store/vec4 v0x559184c16fd0_0, 0, 3;
    %pushi/vec4 2, 0, 3;
    %store/vec4 v0x559184c17360_0, 0, 3;
    %jmp T_2.10;
T_2.7 ;
    %pushi/vec4 1, 0, 1;
    %store/vec4 v0x559184c172a0_0, 0, 1;
    %pushi/vec4 3, 0, 3;
    %store/vec4 v0x559184c16fd0_0, 0, 3;
    %jmp T_2.10;
T_2.8 ;
    %pushi/vec4 1, 0, 1;
    %store/vec4 v0x559184c172a0_0, 0, 1;
    %pushi/vec4 3, 0, 3;
    %store/vec4 v0x559184c16fd0_0, 0, 3;
    %pushi/vec4 1, 0, 1;
    %store/vec4 v0x559184c17600_0, 0, 1;
    %jmp T_2.10;
T_2.10 ;
    %pop/vec4 1;
    %jmp T_2;
    .thread T_2, $push;
    .scope S_0x559184c186e0;
T_3 ;
    %wait E_0x559184c188e0;
    %load/vec4 v0x559184c18a40_0;
    %parti/s 7, 0, 2;
    %dup/vec4;
    %pushi/vec4 3, 0, 7;
    %cmp/u;
    %jmp/1 T_3.0, 6;
    %dup/vec4;
    %pushi/vec4 19, 0, 7;
    %cmp/u;
    %jmp/1 T_3.1, 6;
    %dup/vec4;
    %pushi/vec4 103, 0, 7;
    %cmp/u;
    %jmp/1 T_3.2, 6;
    %dup/vec4;
    %pushi/vec4 35, 0, 7;
    %cmp/u;
    %jmp/1 T_3.3, 6;
    %dup/vec4;
    %pushi/vec4 99, 0, 7;
    %cmp/u;
    %jmp/1 T_3.4, 6;
    %dup/vec4;
    %pushi/vec4 55, 0, 7;
    %cmp/u;
    %jmp/1 T_3.5, 6;
    %dup/vec4;
    %pushi/vec4 23, 0, 7;
    %cmp/u;
    %jmp/1 T_3.6, 6;
    %dup/vec4;
    %pushi/vec4 111, 0, 7;
    %cmp/u;
    %jmp/1 T_3.7, 6;
    %pushi/vec4 0, 0, 32;
    %store/vec4 v0x559184c18960_0, 0, 32;
    %jmp T_3.9;
T_3.0 ;
    %load/vec4 v0x559184c18a40_0;
    %parti/s 1, 31, 6;
    %replicate 20;
    %load/vec4 v0x559184c18a40_0;
    %parti/s 12, 20, 6;
    %concat/vec4; draw_concat_vec4
    %store/vec4 v0x559184c18960_0, 0, 32;
    %jmp T_3.9;
T_3.1 ;
    %load/vec4 v0x559184c18a40_0;
    %parti/s 1, 31, 6;
    %replicate 20;
    %load/vec4 v0x559184c18a40_0;
    %parti/s 12, 20, 6;
    %concat/vec4; draw_concat_vec4
    %store/vec4 v0x559184c18960_0, 0, 32;
    %jmp T_3.9;
T_3.2 ;
    %load/vec4 v0x559184c18a40_0;
    %parti/s 1, 31, 6;
    %replicate 20;
    %load/vec4 v0x559184c18a40_0;
    %parti/s 12, 20, 6;
    %concat/vec4; draw_concat_vec4
    %store/vec4 v0x559184c18960_0, 0, 32;
    %jmp T_3.9;
T_3.3 ;
    %load/vec4 v0x559184c18a40_0;
    %parti/s 1, 31, 6;
    %replicate 20;
    %load/vec4 v0x559184c18a40_0;
    %parti/s 7, 25, 6;
    %concat/vec4; draw_concat_vec4
    %load/vec4 v0x559184c18a40_0;
    %parti/s 5, 7, 4;
    %concat/vec4; draw_concat_vec4
    %store/vec4 v0x559184c18960_0, 0, 32;
    %jmp T_3.9;
T_3.4 ;
    %load/vec4 v0x559184c18a40_0;
    %parti/s 1, 31, 6;
    %replicate 19;
    %load/vec4 v0x559184c18a40_0;
    %parti/s 1, 31, 6;
    %concat/vec4; draw_concat_vec4
    %load/vec4 v0x559184c18a40_0;
    %parti/s 1, 7, 4;
    %concat/vec4; draw_concat_vec4
    %load/vec4 v0x559184c18a40_0;
    %parti/s 6, 25, 6;
    %concat/vec4; draw_concat_vec4
    %load/vec4 v0x559184c18a40_0;
    %parti/s 4, 8, 5;
    %concat/vec4; draw_concat_vec4
    %concati/vec4 0, 0, 1;
    %store/vec4 v0x559184c18960_0, 0, 32;
    %jmp T_3.9;
T_3.5 ;
    %load/vec4 v0x559184c18a40_0;
    %parti/s 20, 12, 5;
    %concati/vec4 0, 0, 12;
    %store/vec4 v0x559184c18960_0, 0, 32;
    %jmp T_3.9;
T_3.6 ;
    %load/vec4 v0x559184c18a40_0;
    %parti/s 20, 12, 5;
    %concati/vec4 0, 0, 12;
    %store/vec4 v0x559184c18960_0, 0, 32;
    %jmp T_3.9;
T_3.7 ;
    %load/vec4 v0x559184c18a40_0;
    %parti/s 1, 31, 6;
    %replicate 11;
    %load/vec4 v0x559184c18a40_0;
    %parti/s 1, 31, 6;
    %concat/vec4; draw_concat_vec4
    %load/vec4 v0x559184c18a40_0;
    %parti/s 8, 12, 5;
    %concat/vec4; draw_concat_vec4
    %load/vec4 v0x559184c18a40_0;
    %parti/s 1, 20, 6;
    %concat/vec4; draw_concat_vec4
    %load/vec4 v0x559184c18a40_0;
    %parti/s 10, 21, 6;
    %concat/vec4; draw_concat_vec4
    %concati/vec4 0, 0, 1;
    %store/vec4 v0x559184c18960_0, 0, 32;
    %jmp T_3.9;
T_3.9 ;
    %pop/vec4 1;
    %jmp T_3;
    .thread T_3, $push;
    .scope S_0x559184c18b60;
T_4 ;
    %wait E_0x559184c18e60;
    %load/vec4 v0x559184c194a0_0;
    %flag_set/vec4 8;
    %jmp/0xz  T_4.0, 8;
    %pushi/vec4 0, 0, 32;
    %assign/vec4 v0x559184c19060_0, 0;
    %pushi/vec4 0, 0, 32;
    %assign/vec4 v0x559184c191f0_0, 0;
    %pushi/vec4 19, 0, 32;
    %assign/vec4 v0x559184c18ec0_0, 0;
    %jmp T_4.1;
T_4.0 ;
    %load/vec4 v0x559184c19130_0;
    %assign/vec4 v0x559184c19060_0, 0;
    %load/vec4 v0x559184c19320_0;
    %assign/vec4 v0x559184c191f0_0, 0;
    %load/vec4 v0x559184c18fa0_0;
    %assign/vec4 v0x559184c18ec0_0, 0;
T_4.1 ;
    %jmp T_4;
    .thread T_4;
    .scope S_0x559184c1b050;
T_5 ;
    %wait E_0x559184c18e60;
    %load/vec4 v0x559184c1be30_0;
    %flag_set/vec4 8;
    %jmp/0xz  T_5.0, 8;
    %pushi/vec4 0, 0, 32;
    %store/vec4 v0x559184c1bc90_0, 0, 32;
T_5.2 ;
    %load/vec4 v0x559184c1bc90_0;
    %cmpi/s 32, 0, 32;
    %jmp/0xz T_5.3, 5;
    %pushi/vec4 0, 0, 32;
    %ix/getv/s 3, v0x559184c1bc90_0;
    %ix/load 4, 0, 0; Constant delay
    %assign/vec4/a/d v0x559184c1bd70, 0, 4;
    %load/vec4 v0x559184c1bc90_0;
    %addi 1, 0, 32;
    %store/vec4 v0x559184c1bc90_0, 0, 32;
    %jmp T_5.2;
T_5.3 ;
    %jmp T_5.1;
T_5.0 ;
    %load/vec4 v0x559184c1b360_0;
    %flag_set/vec4 8;
    %jmp/0xz  T_5.4, 8;
    %load/vec4 v0x559184c1ba40_0;
    %cmpi/ne 0, 0, 5;
    %jmp/0xz  T_5.6, 4;
    %load/vec4 v0x559184c1bbb0_0;
    %load/vec4 v0x559184c1ba40_0;
    %pad/u 7;
    %ix/vec4 3;
    %ix/load 4, 0, 0; Constant delay
    %assign/vec4/a/d v0x559184c1bd70, 0, 4;
T_5.6 ;
T_5.4 ;
T_5.1 ;
    %jmp T_5;
    .thread T_5;
    .scope S_0x559184c163c0;
T_6 ;
    %wait E_0x559184bcee10;
    %pushi/vec4 0, 0, 32;
    %store/vec4 v0x559184b951e0_0, 0, 32;
    %load/vec4 v0x559184b950e0_0;
    %dup/vec4;
    %pushi/vec4 0, 0, 4;
    %cmp/u;
    %jmp/1 T_6.0, 6;
    %dup/vec4;
    %pushi/vec4 1, 0, 4;
    %cmp/u;
    %jmp/1 T_6.1, 6;
    %dup/vec4;
    %pushi/vec4 2, 0, 4;
    %cmp/u;
    %jmp/1 T_6.2, 6;
    %dup/vec4;
    %pushi/vec4 3, 0, 4;
    %cmp/u;
    %jmp/1 T_6.3, 6;
    %dup/vec4;
    %pushi/vec4 4, 0, 4;
    %cmp/u;
    %jmp/1 T_6.4, 6;
    %dup/vec4;
    %pushi/vec4 5, 0, 4;
    %cmp/u;
    %jmp/1 T_6.5, 6;
    %dup/vec4;
    %pushi/vec4 6, 0, 4;
    %cmp/u;
    %jmp/1 T_6.6, 6;
    %dup/vec4;
    %pushi/vec4 7, 0, 4;
    %cmp/u;
    %jmp/1 T_6.7, 6;
    %dup/vec4;
    %pushi/vec4 8, 0, 4;
    %cmp/u;
    %jmp/1 T_6.8, 6;
    %dup/vec4;
    %pushi/vec4 9, 0, 4;
    %cmp/u;
    %jmp/1 T_6.9, 6;
    %pushi/vec4 0, 0, 32;
    %store/vec4 v0x559184b951e0_0, 0, 32;
    %jmp T_6.11;
T_6.0 ;
    %load/vec4 v0x559184c16740_0;
    %load/vec4 v0x559184c16800_0;
    %add;
    %store/vec4 v0x559184b951e0_0, 0, 32;
    %jmp T_6.11;
T_6.1 ;
    %load/vec4 v0x559184c16740_0;
    %load/vec4 v0x559184c16800_0;
    %sub;
    %store/vec4 v0x559184b951e0_0, 0, 32;
    %jmp T_6.11;
T_6.2 ;
    %load/vec4 v0x559184c16740_0;
    %load/vec4 v0x559184c16800_0;
    %and;
    %store/vec4 v0x559184b951e0_0, 0, 32;
    %jmp T_6.11;
T_6.3 ;
    %load/vec4 v0x559184c16740_0;
    %load/vec4 v0x559184c16800_0;
    %or;
    %store/vec4 v0x559184b951e0_0, 0, 32;
    %jmp T_6.11;
T_6.4 ;
    %load/vec4 v0x559184c16740_0;
    %load/vec4 v0x559184c16800_0;
    %xor;
    %store/vec4 v0x559184b951e0_0, 0, 32;
    %jmp T_6.11;
T_6.5 ;
    %load/vec4 v0x559184c16740_0;
    %load/vec4 v0x559184c16800_0;
    %parti/s 5, 0, 2;
    %ix/vec4 4;
    %shiftl 4;
    %store/vec4 v0x559184b951e0_0, 0, 32;
    %jmp T_6.11;
T_6.6 ;
    %load/vec4 v0x559184c16740_0;
    %load/vec4 v0x559184c16800_0;
    %parti/s 5, 0, 2;
    %ix/vec4 4;
    %shiftr 4;
    %store/vec4 v0x559184b951e0_0, 0, 32;
    %jmp T_6.11;
T_6.7 ;
    %load/vec4 v0x559184c16740_0;
    %load/vec4 v0x559184c16800_0;
    %parti/s 5, 0, 2;
    %ix/vec4 4;
    %shiftr/s 4;
    %store/vec4 v0x559184b951e0_0, 0, 32;
    %jmp T_6.11;
T_6.8 ;
    %load/vec4 v0x559184c16740_0;
    %load/vec4 v0x559184c16800_0;
    %cmp/s;
    %flag_mov 8, 5;
    %jmp/0 T_6.12, 8;
    %pushi/vec4 1, 0, 32;
    %jmp/1 T_6.13, 8;
T_6.12 ; End of true expr.
    %pushi/vec4 0, 0, 32;
    %jmp/0 T_6.13, 8;
 ; End of false expr.
    %blend;
T_6.13;
    %store/vec4 v0x559184b951e0_0, 0, 32;
    %jmp T_6.11;
T_6.9 ;
    %load/vec4 v0x559184c16740_0;
    %load/vec4 v0x559184c16800_0;
    %cmp/u;
    %flag_mov 8, 5;
    %jmp/0 T_6.14, 8;
    %pushi/vec4 1, 0, 32;
    %jmp/1 T_6.15, 8;
T_6.14 ; End of true expr.
    %pushi/vec4 0, 0, 32;
    %jmp/0 T_6.15, 8;
 ; End of false expr.
    %blend;
T_6.15;
    %store/vec4 v0x559184b951e0_0, 0, 32;
    %jmp T_6.11;
T_6.11 ;
    %pop/vec4 1;
    %jmp T_6;
    .thread T_6, $push;
    .scope S_0x559184bb3120;
T_7 ;
    %wait E_0x559184bce990;
    %load/vec4 v0x559184baf7b0_0;
    %flag_set/vec4 8;
    %jmp/0xz  T_7.0, 8;
    %load/vec4 v0x559184bf3d30_0;
    %load/vec4 v0x559184b972d0_0;
    %add;
    %store/vec4 v0x559184bc5290_0, 0, 32;
    %jmp T_7.1;
T_7.0 ;
    %load/vec4 v0x559184bf3c90_0;
    %load/vec4 v0x559184b972d0_0;
    %add;
    %store/vec4 v0x559184bc5290_0, 0, 32;
T_7.1 ;
    %jmp T_7;
    .thread T_7, $push;
    .scope S_0x559184c1c3f0;
T_8 ;
    %wait E_0x559184c1a8e0;
    %load/vec4 v0x559184c1c6f0_0;
    %store/vec4 v0x559184c1c7d0_0, 0, 32;
    %load/vec4 v0x559184c1cca0_0;
    %store/vec4 v0x559184c1c870_0, 0, 32;
    %load/vec4 v0x559184c1c940_0;
    %store/vec4 v0x559184c1ca10_0, 0, 1;
    %load/vec4 v0x559184c1cbd0_0;
    %dup/vec4;
    %pushi/vec4 0, 0, 3;
    %cmp/u;
    %jmp/1 T_8.0, 6;
    %dup/vec4;
    %pushi/vec4 1, 0, 3;
    %cmp/u;
    %jmp/1 T_8.1, 6;
    %dup/vec4;
    %pushi/vec4 2, 0, 3;
    %cmp/u;
    %jmp/1 T_8.2, 6;
    %pushi/vec4 0, 0, 4;
    %store/vec4 v0x559184c1cb00_0, 0, 4;
    %jmp T_8.4;
T_8.0 ;
    %pushi/vec4 1, 0, 4;
    %store/vec4 v0x559184c1cb00_0, 0, 4;
    %jmp T_8.4;
T_8.1 ;
    %pushi/vec4 3, 0, 4;
    %store/vec4 v0x559184c1cb00_0, 0, 4;
    %jmp T_8.4;
T_8.2 ;
    %pushi/vec4 15, 0, 4;
    %store/vec4 v0x559184c1cb00_0, 0, 4;
    %jmp T_8.4;
T_8.4 ;
    %pop/vec4 1;
    %jmp T_8;
    .thread T_8, $push;
    .scope S_0x559184c17900;
T_9 ;
    %pushi/vec4 0, 0, 32;
    %store/vec4 v0x559184c18500_0, 0, 32;
T_9.0 ;
    %load/vec4 v0x559184c18500_0;
    %cmpi/s 256, 0, 32;
    %jmp/0xz T_9.1, 5;
    %pushi/vec4 0, 0, 32;
    %ix/getv/s 4, v0x559184c18500_0;
    %store/vec4a v0x559184c18440, 4, 0;
    %load/vec4 v0x559184c18500_0;
    %addi 1, 0, 32;
    %store/vec4 v0x559184c18500_0, 0, 32;
    %jmp T_9.0;
T_9.1 ;
    %end;
    .thread T_9;
    .scope S_0x559184c17900;
T_10 ;
    %wait E_0x559184bfe370;
    %load/vec4 v0x559184c17d50_0;
    %flag_set/vec4 8;
    %jmp/0xz  T_10.0, 8;
    %load/vec4 v0x559184c17ed0_0;
    %load/vec4 v0x559184c17b70_0;
    %parti/s 8, 2, 3;
    %pad/u 10;
    %ix/vec4 3;
    %ix/load 4, 0, 0; Constant delay
    %assign/vec4/a/d v0x559184c18440, 0, 4;
T_10.0 ;
    %jmp T_10;
    .thread T_10;
    .scope S_0x559184c1a020;
T_11 ;
    %wait E_0x559184c1a200;
    %load/vec4 v0x559184c1a260_0;
    %dup/vec4;
    %pushi/vec4 0, 0, 2;
    %cmp/u;
    %jmp/1 T_11.0, 6;
    %dup/vec4;
    %pushi/vec4 1, 0, 2;
    %cmp/u;
    %jmp/1 T_11.1, 6;
    %dup/vec4;
    %pushi/vec4 2, 0, 2;
    %cmp/u;
    %jmp/1 T_11.2, 6;
    %pushi/vec4 0, 0, 32;
    %store/vec4 v0x559184c1a440_0, 0, 32;
    %jmp T_11.4;
T_11.0 ;
    %load/vec4 v0x559184c1a370_0;
    %flag_set/vec4 8;
    %jmp/0xz  T_11.5, 8;
    %pushi/vec4 0, 0, 24;
    %load/vec4 v0x559184c1a510_0;
    %parti/s 8, 0, 2;
    %concat/vec4; draw_concat_vec4
    %store/vec4 v0x559184c1a440_0, 0, 32;
    %jmp T_11.6;
T_11.5 ;
    %load/vec4 v0x559184c1a510_0;
    %parti/s 1, 7, 4;
    %replicate 24;
    %load/vec4 v0x559184c1a510_0;
    %parti/s 8, 0, 2;
    %concat/vec4; draw_concat_vec4
    %store/vec4 v0x559184c1a440_0, 0, 32;
T_11.6 ;
    %jmp T_11.4;
T_11.1 ;
    %load/vec4 v0x559184c1a370_0;
    %flag_set/vec4 8;
    %jmp/0xz  T_11.7, 8;
    %pushi/vec4 0, 0, 16;
    %load/vec4 v0x559184c1a510_0;
    %parti/s 16, 0, 2;
    %concat/vec4; draw_concat_vec4
    %store/vec4 v0x559184c1a440_0, 0, 32;
    %jmp T_11.8;
T_11.7 ;
    %load/vec4 v0x559184c1a510_0;
    %parti/s 1, 15, 5;
    %replicate 16;
    %load/vec4 v0x559184c1a510_0;
    %parti/s 16, 0, 2;
    %concat/vec4; draw_concat_vec4
    %store/vec4 v0x559184c1a440_0, 0, 32;
T_11.8 ;
    %jmp T_11.4;
T_11.2 ;
    %load/vec4 v0x559184c1a510_0;
    %store/vec4 v0x559184c1a440_0, 0, 32;
    %jmp T_11.4;
T_11.4 ;
    %pop/vec4 1;
    %jmp T_11;
    .thread T_11, $push;
    .scope S_0x559184bfddf0;
T_12 ;
    %delay 5000, 0;
    %load/vec4 v0x559184c1fa00_0;
    %inv;
    %store/vec4 v0x559184c1fa00_0, 0, 1;
    %jmp T_12;
    .thread T_12;
    .scope S_0x559184bfddf0;
T_13 ;
    %pushi/vec4 0, 0, 1;
    %store/vec4 v0x559184c1fa00_0, 0, 1;
    %pushi/vec4 1, 0, 1;
    %store/vec4 v0x559184c1faa0_0, 0, 1;
    %vpi_call 2 37 "$dumpfile", "pipeline.vcd" {0 0 0};
    %vpi_call 2 38 "$dumpvars", 32'sb00000000000000000000000000000000, S_0x559184bfddf0 {0 0 0};
    %delay 20000, 0;
    %pushi/vec4 0, 0, 1;
    %store/vec4 v0x559184c1faa0_0, 0, 1;
    %delay 200000, 0;
    %vpi_call 2 45 "$finish" {0 0 0};
    %end;
    .thread T_13;
# The file index is used to find the file name in the following table.
:file_names 15;
    "N/A";
    "<interactive>";
    "RISC_V_pipeline_tb.v";
    "RISC_V_pipeline_top.v";
    "imm_adder.v";
    "ALU.v";
    "decoder.v";
    "data_memory.v";
    "extend_unit.v";
    "IF_ID.v";
    "instruction_memory.v";
    "load_unit.v";
    "PC.v";
    "register.v";
    "store_unit.v";
